\i test/psql.sql
\unset ECHO
1..3
ok 1 - Should create functions without errors
ok 2 - Function sch1.multiply(int, int) should exist
ok 3 - Function sch1.divide(int, int) should exist
