\i test/psql.sql
\unset ECHO
1..4
ok 1 - Statements for index creation should be correct
ok 2 - Should create user-defined indexes without errors
ok 3 - Table sch1.t1 should have the correct indexes
ok 4 - Index t1_idx2_unique should be unique
