\i test/psql.sql
\unset ECHO
1..3
ok 1 - Table part1.pt1 should have the correct partitions
ok 2 - Table part1.pt1_1 should have 1 row
ok 3 - Table part1.pt1_def should have 2 rows
